// Jest Snapshot v1, https://goo.gl/fbAQLP

exports[`Month component renders the month correctly 1`] = `
<div
  className="VS-CalendarMonth VS-TextCenter"
>
  <svg
    className="VS-PullLeft VS-Icon"
    fill="currentColor"
    height="1em"
    preserveAspectRatio="xMidYMid meet"
    style={
      Object {
        "color": undefined,
        "verticalAlign": "middle",
      }
    }
    viewBox="0 0 40 40"
    width="1em"
  >
    <g>
      <path
        d="m26.3 10v20q0 0.6-0.4 1t-1 0.4-1-0.4l-10-10q-0.5-0.4-0.5-1t0.5-1l10-10q0.4-0.4 1-0.4t1 0.4 0.4 1z"
      />
    </g>
  </svg>
  <span
    className="VS-Medium-UPPER-Case VS-MonthName"
  >
    JANUARY
     
  </span>
  <svg
    className="VS-PullRight VS-Icon"
    fill="currentColor"
    height="1em"
    preserveAspectRatio="xMidYMid meet"
    style={
      Object {
        "color": undefined,
        "verticalAlign": "middle",
      }
    }
    viewBox="0 0 40 40"
    width="1em"
  >
    <g>
      <path
        d="m26.4 20q0 0.6-0.5 1l-10 10q-0.4 0.4-1 0.4t-1-0.4-0.4-1v-20q0-0.6 0.4-1t1-0.4 1 0.4l10 10q0.5 0.4 0.5 1z"
      />
    </g>
  </svg>
</div>
`;
