// Jest Snapshot v1, https://goo.gl/fbAQLP

exports[`Week component renders the week element correctly 1`] = `<week />`;
